Init done.
UpdateRottenFruits: SUCCESS
UpdateRottenFruits: SUCCESS
UpdateRottenFruits: SUCCESS
UpdateRottenFruits: SUCCESS
PlantTree: SUCCESS
PlantTree: SUCCESS
PlantTree: SUCCESS
UpdateRottenFruits: SUCCESS
UpdateRottenFruits: SUCCESS
PlantTree: SUCCESS
PlantTree: SUCCESS
PlantTree: SUCCESS
PlantTree: SUCCESS
PlantTree: SUCCESS
PlantTree: SUCCESS
PlantTree: SUCCESS
