Init done.
PlantTree: SUCCESS
PlantTree: SUCCESS
PlantTree: SUCCESS
PlantTree: SUCCESS
PlantTree: SUCCESS
PlantTree: SUCCESS
PlantTree: SUCCESS
PlantTree: SUCCESS
0xb072200xb073400xb072b00xb074600xb073d00xb0710000
